
[2026-08-13T18:21:31.378740+00:00] $ python train.py --config "configs/paper_ijdar/character_disjoint_unet_seed_271828.yaml"
experiment=character_disjoint_unet_seed_271828 device=cuda train_batches=68 val_batches=15
direction_pos_weight=[51.81202931278875, 72.23496412951457, 59.55460753953307, 88.81707853784981, 54.457149923968245]
/root/miniconda3/lib/python3.12/site-packages/torch/nn/modules/conv.py:456: UserWarning: Plan failed with a cudnnException: CUDNN_BACKEND_EXECUTION_PLAN_DESCRIPTOR: cudnnFinalize Descriptor Failed cudnn_status: CUDNN_STATUS_NOT_SUPPORTED (Triggered internally at ../aten/src/ATen/native/cudnn/Conv_v8.cpp:919.)
  return F.conv2d(input, weight, bias, self.stride,
epoch=001 train_loss=3.3316 val_macro_dice=0.2541 val_keypoint_f1=0.0005 val_boundary_f1=0.0549
epoch=002 train_loss=2.9085 val_macro_dice=0.2895 val_keypoint_f1=0.0029 val_boundary_f1=0.1095
epoch=003 train_loss=2.7845 val_macro_dice=0.3418 val_keypoint_f1=0.0144 val_boundary_f1=0.1823
/root/miniconda3/lib/python3.12/site-packages/torch/optim/lr_scheduler.py:156: UserWarning: The epoch parameter in `scheduler.step()` was not necessary and is being deprecated where possible. Please use `scheduler.step()` to step the scheduler. During the deprecation, if epoch is different from None, the closed form is used instead of the new chainable form, where available. Please open an issue if you are unable to replicate your use case: https://github.com/pytorch/pytorch/issues/new/choose.
  warnings.warn(EPOCH_DEPRECATION_WARNING, UserWarning)
epoch=004 train_loss=2.6742 val_macro_dice=0.3955 val_keypoint_f1=0.0633 val_boundary_f1=0.2418
epoch=005 train_loss=2.5630 val_macro_dice=0.4538 val_keypoint_f1=0.1301 val_boundary_f1=0.2950
epoch=006 train_loss=2.4629 val_macro_dice=0.4366 val_keypoint_f1=0.1139 val_boundary_f1=0.2772
epoch=007 train_loss=2.3830 val_macro_dice=0.4607 val_keypoint_f1=0.0852 val_boundary_f1=0.2938
epoch=008 train_loss=2.3172 val_macro_dice=0.5163 val_keypoint_f1=0.2557 val_boundary_f1=0.3093
epoch=009 train_loss=2.2506 val_macro_dice=0.5300 val_keypoint_f1=0.1900 val_boundary_f1=0.3559
epoch=010 train_loss=2.1911 val_macro_dice=0.5553 val_keypoint_f1=0.2161 val_boundary_f1=0.3543
epoch=011 train_loss=2.1313 val_macro_dice=0.5447 val_keypoint_f1=0.4496 val_boundary_f1=0.3612
epoch=012 train_loss=2.0829 val_macro_dice=0.6015 val_keypoint_f1=0.4519 val_boundary_f1=0.3976
epoch=013 train_loss=2.0372 val_macro_dice=0.5810 val_keypoint_f1=0.2618 val_boundary_f1=0.3966
epoch=014 train_loss=1.9866 val_macro_dice=0.5729 val_keypoint_f1=0.5180 val_boundary_f1=0.3850
epoch=015 train_loss=1.9240 val_macro_dice=0.5844 val_keypoint_f1=0.5101 val_boundary_f1=0.3946
epoch=016 train_loss=1.8298 val_macro_dice=0.6277 val_keypoint_f1=0.5891 val_boundary_f1=0.4157
epoch=017 train_loss=1.6568 val_macro_dice=0.6313 val_keypoint_f1=0.6554 val_boundary_f1=0.4117
epoch=018 train_loss=1.5146 val_macro_dice=0.6797 val_keypoint_f1=0.6727 val_boundary_f1=0.4587
epoch=019 train_loss=1.4127 val_macro_dice=0.6508 val_keypoint_f1=0.6822 val_boundary_f1=0.4546
epoch=020 train_loss=1.3278 val_macro_dice=0.6785 val_keypoint_f1=0.6773 val_boundary_f1=0.4673
epoch=021 train_loss=1.2067 val_macro_dice=0.7026 val_keypoint_f1=0.6808 val_boundary_f1=0.4989
epoch=022 train_loss=1.1463 val_macro_dice=0.6641 val_keypoint_f1=0.6938 val_boundary_f1=0.4557
epoch=023 train_loss=1.1038 val_macro_dice=0.7017 val_keypoint_f1=0.6964 val_boundary_f1=0.5072
epoch=024 train_loss=1.0749 val_macro_dice=0.6667 val_keypoint_f1=0.6928 val_boundary_f1=0.4519
epoch=025 train_loss=1.0557 val_macro_dice=0.7522 val_keypoint_f1=0.7032 val_boundary_f1=0.5350
epoch=026 train_loss=1.0303 val_macro_dice=0.7140 val_keypoint_f1=0.7014 val_boundary_f1=0.5217
epoch=027 train_loss=1.0181 val_macro_dice=0.7404 val_keypoint_f1=0.7048 val_boundary_f1=0.5458
epoch=028 train_loss=0.9912 val_macro_dice=0.7181 val_keypoint_f1=0.7098 val_boundary_f1=0.5353
epoch=029 train_loss=0.9839 val_macro_dice=0.7437 val_keypoint_f1=0.7082 val_boundary_f1=0.5392
epoch=030 train_loss=0.9626 val_macro_dice=0.7244 val_keypoint_f1=0.7059 val_boundary_f1=0.5242
epoch=031 train_loss=0.9512 val_macro_dice=0.7393 val_keypoint_f1=0.7069 val_boundary_f1=0.5464
epoch=032 train_loss=0.9399 val_macro_dice=0.7532 val_keypoint_f1=0.7132 val_boundary_f1=0.5620
epoch=033 train_loss=0.9269 val_macro_dice=0.7453 val_keypoint_f1=0.7154 val_boundary_f1=0.5537
epoch=034 train_loss=0.9077 val_macro_dice=0.7685 val_keypoint_f1=0.7060 val_boundary_f1=0.5871
epoch=035 train_loss=0.8986 val_macro_dice=0.7875 val_keypoint_f1=0.7127 val_boundary_f1=0.5934
epoch=036 train_loss=0.8889 val_macro_dice=0.7583 val_keypoint_f1=0.7200 val_boundary_f1=0.5730
epoch=037 train_loss=0.8833 val_macro_dice=0.7709 val_keypoint_f1=0.7207 val_boundary_f1=0.5866
epoch=038 train_loss=0.8668 val_macro_dice=0.7713 val_keypoint_f1=0.7126 val_boundary_f1=0.5849
epoch=039 train_loss=0.8529 val_macro_dice=0.7753 val_keypoint_f1=0.7185 val_boundary_f1=0.6009
epoch=040 train_loss=0.8521 val_macro_dice=0.7515 val_keypoint_f1=0.7224 val_boundary_f1=0.5633
epoch=041 train_loss=0.8471 val_macro_dice=0.8030 val_keypoint_f1=0.7220 val_boundary_f1=0.6204
epoch=042 train_loss=0.8360 val_macro_dice=0.7739 val_keypoint_f1=0.7127 val_boundary_f1=0.6005
epoch=043 train_loss=0.8286 val_macro_dice=0.7765 val_keypoint_f1=0.7088 val_boundary_f1=0.6048
epoch=044 train_loss=0.8175 val_macro_dice=0.7867 val_keypoint_f1=0.7200 val_boundary_f1=0.6001
epoch=045 train_loss=0.8168 val_macro_dice=0.7792 val_keypoint_f1=0.7183 val_boundary_f1=0.5969
epoch=046 train_loss=0.8013 val_macro_dice=0.7873 val_keypoint_f1=0.7193 val_boundary_f1=0.5969
epoch=047 train_loss=0.8002 val_macro_dice=0.7790 val_keypoint_f1=0.7216 val_boundary_f1=0.6120
epoch=048 train_loss=0.7920 val_macro_dice=0.7708 val_keypoint_f1=0.7226 val_boundary_f1=0.5817
epoch=049 train_loss=0.7878 val_macro_dice=0.7929 val_keypoint_f1=0.7190 val_boundary_f1=0.6145
epoch=050 train_loss=0.7729 val_macro_dice=0.7636 val_keypoint_f1=0.7252 val_boundary_f1=0.5809
epoch=051 train_loss=0.7755 val_macro_dice=0.7772 val_keypoint_f1=0.7187 val_boundary_f1=0.5909
epoch=052 train_loss=0.7688 val_macro_dice=0.7764 val_keypoint_f1=0.7301 val_boundary_f1=0.6014
epoch=053 train_loss=0.7639 val_macro_dice=0.7870 val_keypoint_f1=0.7275 val_boundary_f1=0.6150
epoch=054 train_loss=0.7572 val_macro_dice=0.7904 val_keypoint_f1=0.7226 val_boundary_f1=0.6142
epoch=055 train_loss=0.7577 val_macro_dice=0.7826 val_keypoint_f1=0.7269 val_boundary_f1=0.6001
epoch=056 train_loss=0.7537 val_macro_dice=0.7751 val_keypoint_f1=0.7213 val_boundary_f1=0.6019
early_stop epoch=56 best_macro_dice=0.8030

[2026-08-13T18:37:27.799006+00:00] $ python -m onestroke_model.scripts.calibrate_thresholds --config "configs/paper_ijdar/character_disjoint_unet_seed_271828.yaml" --checkpoint "artifacts/paper_ijdar/character_disjoint/runs/unet_seed_271828/checkpoints/best.pt" --output "artifacts/paper_ijdar/character_disjoint/runs/unet_seed_271828/thresholds_val.json"
/root/miniconda3/lib/python3.12/site-packages/torch/nn/modules/conv.py:456: UserWarning: Plan failed with a cudnnException: CUDNN_BACKEND_EXECUTION_PLAN_DESCRIPTOR: cudnnFinalize Descriptor Failed cudnn_status: CUDNN_STATUS_NOT_SUPPORTED (Triggered internally at ../aten/src/ATen/native/cudnn/Conv_v8.cpp:919.)
  return F.conv2d(input, weight, bias, self.stride,
best_thresholds= {'vec1': 0.8999999761581421, 'vec2': 0.75, 'vec3': 0.8999999761581421, 'vec4': 0.8999999761581421, 'vec5': 0.8999999761581421, 'keypoint': 0.3499999940395355}

[2026-08-13T18:37:41.034927+00:00] $ python eval.py --config "configs/paper_ijdar/character_disjoint_unet_seed_271828.yaml" --checkpoint "artifacts/paper_ijdar/character_disjoint/runs/unet_seed_271828/checkpoints/best.pt" --thresholds-json "artifacts/paper_ijdar/character_disjoint/runs/unet_seed_271828/thresholds_val.json" --split test --output "artifacts/paper_ijdar/character_disjoint/runs/unet_seed_271828/test_metrics.json"
{'dice': [0.8914066673862623, 0.8493801079743081, 0.8965048508050006, 0.7778670710487146, 0.6854486631214904, 0.6921179662450231], 'iou': [0.8040880647230549, 0.7381934849735263, 0.8124230101591308, 0.6364831947668768, 0.5214316427908661, 0.5291899027452248], 'precision': [0.8646903656203861, 0.7963169503308443, 0.9048332771977097, 0.6927787827991967, 0.6430928233785963, 0.7255300288099283], 'recall': [0.9198265082253222, 0.9100199473025417, 0.8883283420538353, 0.8867833337759248, 0.7337772237362318, 0.6616478038264618], 'macro_dice': 0.8201214720671552, 'macro_iou': 0.7025238794826909, 'keypoint_f1': 0.6921179662450231, 'boundary_f1_per_channel': [0.6977540318591076, 0.6715893453902103, 0.7399502397084031, 0.6207328404637822, 0.48319002866093447, 0.7067511592983151], 'boundary_f1': 0.6426432972164875, 'keypoint_tolerance': {'0': {'precision': 0.7255300288099283, 'recall': 0.6616478038264618, 'f1': 0.6921179662450231}, '1': {'precision': 0.9157124916894438, 'recall': 0.7748248450552412, 'f1': 0.8393979524340758}, '3': {'precision': 0.9489916525079412, 'recall': 0.8123484236054972, 'f1': 0.8753697067186377}, '5': {'precision': 0.9599615867622073, 'recall': 0.8318175693883051, 'f1': 0.8913072920462117}}, 'split': 'test', 'thresholds': {'vec1': 0.8999999761581421, 'vec2': 0.75, 'vec3': 0.8999999761581421, 'vec4': 0.8999999761581421, 'vec5': 0.8999999761581421, 'keypoint': 0.3499999940395355}, 'checkpoint': '/root/autodl-tmp/lxf/OneStroke2026/artifacts/paper_ijdar/character_disjoint/runs/unet_seed_271828/checkpoints/best.pt', 'data_contract': {'manifest': '/root/autodl-tmp/lxf/OneStroke2026/artifacts/data_qc/manifest_qc_v1.csv', 'manifest_sha256': 'c55803a2381aa37e2a88c72b770be32036353e7b659986bf58f6591beba5edb4', 'splits': '/root/autodl-tmp/lxf/OneStroke2026/artifacts/data_qc/character_disjoint_splits_qc_v1.csv', 'splits_sha256': 'e9303314d1b70d3f92efcdc5c0807f833148cbe64c2702379f0ac951ed2a1e2b', 'split_counts': {'train': 539, 'val': 114, 'test': 116}, 'qc_exclusions': '/root/autodl-tmp/lxf/OneStroke2026/artifacts/data_qc/dataset_qc_exclusion_contract_v1.csv', 'qc_exclusions_sha256': 'bd2b0641d0e6f53f6f18f6604232c02ff99e9d989eb39125f6a9af41e8573a1a', 'qc_exclusion_count': 71, 'active_sample_count': 769, 'reference_cache_used_as_ground_truth': False}, 'max_batches': 0, 'formal_evaluation': True}
