
[2026-08-13T19:01:24.795576+00:00] $ python train.py --config "configs/paper_ijdar/character_disjoint_deeplabv3plus_seed_271828.yaml"
experiment=character_disjoint_deeplabv3plus_seed_271828 device=cuda train_batches=135 val_batches=29
direction_pos_weight=[51.81202931278875, 72.23496412951457, 59.55460753953307, 88.81707853784981, 54.457149923968245]
/root/miniconda3/lib/python3.12/site-packages/torch/nn/modules/conv.py:456: UserWarning: Plan failed with a cudnnException: CUDNN_BACKEND_EXECUTION_PLAN_DESCRIPTOR: cudnnFinalize Descriptor Failed cudnn_status: CUDNN_STATUS_NOT_SUPPORTED (Triggered internally at ../aten/src/ATen/native/cudnn/Conv_v8.cpp:919.)
  return F.conv2d(input, weight, bias, self.stride,
epoch=001 train_loss=2.7183 val_macro_dice=0.4066 val_keypoint_f1=0.1690 val_boundary_f1=0.0754
epoch=002 train_loss=2.1192 val_macro_dice=0.6176 val_keypoint_f1=0.3265 val_boundary_f1=0.3225
epoch=003 train_loss=1.4011 val_macro_dice=0.5995 val_keypoint_f1=0.6386 val_boundary_f1=0.3525
/root/miniconda3/lib/python3.12/site-packages/torch/optim/lr_scheduler.py:156: UserWarning: The epoch parameter in `scheduler.step()` was not necessary and is being deprecated where possible. Please use `scheduler.step()` to step the scheduler. During the deprecation, if epoch is different from None, the closed form is used instead of the new chainable form, where available. Please open an issue if you are unable to replicate your use case: https://github.com/pytorch/pytorch/issues/new/choose.
  warnings.warn(EPOCH_DEPRECATION_WARNING, UserWarning)
epoch=004 train_loss=1.0937 val_macro_dice=0.6534 val_keypoint_f1=0.6614 val_boundary_f1=0.4329
epoch=005 train_loss=0.9740 val_macro_dice=0.7572 val_keypoint_f1=0.6714 val_boundary_f1=0.5465
epoch=006 train_loss=0.8941 val_macro_dice=0.7845 val_keypoint_f1=0.6796 val_boundary_f1=0.5486
epoch=007 train_loss=0.8574 val_macro_dice=0.7874 val_keypoint_f1=0.6918 val_boundary_f1=0.5963
epoch=008 train_loss=0.8253 val_macro_dice=0.7882 val_keypoint_f1=0.6902 val_boundary_f1=0.5714
epoch=009 train_loss=0.8058 val_macro_dice=0.7934 val_keypoint_f1=0.6955 val_boundary_f1=0.6005
epoch=010 train_loss=0.7903 val_macro_dice=0.7698 val_keypoint_f1=0.6934 val_boundary_f1=0.5772
epoch=011 train_loss=0.7795 val_macro_dice=0.7876 val_keypoint_f1=0.6972 val_boundary_f1=0.5780
epoch=012 train_loss=0.7649 val_macro_dice=0.8035 val_keypoint_f1=0.6983 val_boundary_f1=0.5939
epoch=013 train_loss=0.7578 val_macro_dice=0.7909 val_keypoint_f1=0.7049 val_boundary_f1=0.6022
epoch=014 train_loss=0.7558 val_macro_dice=0.8211 val_keypoint_f1=0.7010 val_boundary_f1=0.6391
epoch=015 train_loss=0.7482 val_macro_dice=0.7951 val_keypoint_f1=0.7062 val_boundary_f1=0.5962
epoch=016 train_loss=0.7412 val_macro_dice=0.8216 val_keypoint_f1=0.7051 val_boundary_f1=0.6274
epoch=017 train_loss=0.7329 val_macro_dice=0.7933 val_keypoint_f1=0.7035 val_boundary_f1=0.6001
epoch=018 train_loss=0.7290 val_macro_dice=0.8014 val_keypoint_f1=0.7043 val_boundary_f1=0.6257
epoch=019 train_loss=0.7244 val_macro_dice=0.8150 val_keypoint_f1=0.6976 val_boundary_f1=0.6283
epoch=020 train_loss=0.7183 val_macro_dice=0.8042 val_keypoint_f1=0.7039 val_boundary_f1=0.6189
epoch=021 train_loss=0.7147 val_macro_dice=0.8184 val_keypoint_f1=0.7021 val_boundary_f1=0.6161
epoch=022 train_loss=0.7114 val_macro_dice=0.8057 val_keypoint_f1=0.7036 val_boundary_f1=0.6146
epoch=023 train_loss=0.7023 val_macro_dice=0.8145 val_keypoint_f1=0.7030 val_boundary_f1=0.6329
epoch=024 train_loss=0.7022 val_macro_dice=0.8141 val_keypoint_f1=0.6963 val_boundary_f1=0.6212
epoch=025 train_loss=0.6957 val_macro_dice=0.8002 val_keypoint_f1=0.7015 val_boundary_f1=0.5955
epoch=026 train_loss=0.6906 val_macro_dice=0.8139 val_keypoint_f1=0.7057 val_boundary_f1=0.6128
epoch=027 train_loss=0.6886 val_macro_dice=0.7882 val_keypoint_f1=0.7069 val_boundary_f1=0.6022
epoch=028 train_loss=0.6848 val_macro_dice=0.8069 val_keypoint_f1=0.7000 val_boundary_f1=0.6209
epoch=029 train_loss=0.6841 val_macro_dice=0.7832 val_keypoint_f1=0.7000 val_boundary_f1=0.5987
epoch=030 train_loss=0.6808 val_macro_dice=0.8017 val_keypoint_f1=0.7001 val_boundary_f1=0.6207
epoch=031 train_loss=0.6753 val_macro_dice=0.7890 val_keypoint_f1=0.7074 val_boundary_f1=0.6013
early_stop epoch=31 best_macro_dice=0.8216

[2026-08-13T19:09:09.809708+00:00] $ python -m onestroke_model.scripts.calibrate_thresholds --config "configs/paper_ijdar/character_disjoint_deeplabv3plus_seed_271828.yaml" --checkpoint "artifacts/paper_ijdar/character_disjoint/runs/deeplabv3plus_seed_271828/checkpoints/best.pt" --output "artifacts/paper_ijdar/character_disjoint/runs/deeplabv3plus_seed_271828/thresholds_val.json"
/root/miniconda3/lib/python3.12/site-packages/torch/nn/modules/conv.py:456: UserWarning: Plan failed with a cudnnException: CUDNN_BACKEND_EXECUTION_PLAN_DESCRIPTOR: cudnnFinalize Descriptor Failed cudnn_status: CUDNN_STATUS_NOT_SUPPORTED (Triggered internally at ../aten/src/ATen/native/cudnn/Conv_v8.cpp:919.)
  return F.conv2d(input, weight, bias, self.stride,
best_thresholds= {'vec1': 0.6000000238418579, 'vec2': 0.5, 'vec3': 0.8999999761581421, 'vec4': 0.6499999761581421, 'vec5': 0.8999999761581421, 'keypoint': 0.44999998807907104}

[2026-08-13T19:09:23.735073+00:00] $ python eval.py --config "configs/paper_ijdar/character_disjoint_deeplabv3plus_seed_271828.yaml" --checkpoint "artifacts/paper_ijdar/character_disjoint/runs/deeplabv3plus_seed_271828/checkpoints/best.pt" --thresholds-json "artifacts/paper_ijdar/character_disjoint/runs/deeplabv3plus_seed_271828/thresholds_val.json" --split test --output "artifacts/paper_ijdar/character_disjoint/runs/deeplabv3plus_seed_271828/test_metrics.json"
{'dice': [0.8885823822977613, 0.7975363846856206, 0.9309912070434925, 0.8506530228984827, 0.8516869606100491, 0.6721143676003958], 'iou': [0.79950359625829, 0.6632519891066375, 0.870892001242285, 0.7401185541408074, 0.7416853518118314, 0.506153806624014], 'precision': [0.8800851970181044, 0.7242047619825035, 0.9648428308769191, 0.8545236270479722, 0.8308356644188728, 0.6809194607673695], 'recall': [0.8972452471340536, 0.8873920473705569, 0.8994344441272463, 0.8468173248001699, 0.873611799871701, 0.6635340878469416], 'macro_dice': 0.8638899915070812, 'macro_iou': 0.7630902985119702, 'keypoint_f1': 0.6721143676003958, 'boundary_f1_per_channel': [0.6549733071565401, 0.5928145087235996, 0.7597352429759276, 0.658423088183177, 0.667064367052285, 0.6895859350131002], 'boundary_f1': 0.6666021028183059, 'keypoint_tolerance': {'0': {'precision': 0.6809194607673695, 'recall': 0.6635340878469416, 'f1': 0.6721143676003959}, '1': {'precision': 0.8933287245074317, 'recall': 0.7914308811641068, 'f1': 0.839298303717715}, '3': {'precision': 0.938057379882475, 'recall': 0.835455402856373, 'f1': 0.8837885058847174}, '5': {'precision': 0.9506049083995852, 'recall': 0.8561708434384263, 'f1': 0.9009200011381935}}, 'split': 'test', 'thresholds': {'vec1': 0.6000000238418579, 'vec2': 0.5, 'vec3': 0.8999999761581421, 'vec4': 0.6499999761581421, 'vec5': 0.8999999761581421, 'keypoint': 0.44999998807907104}, 'checkpoint': '/root/autodl-tmp/lxf/OneStroke2026/artifacts/paper_ijdar/character_disjoint/runs/deeplabv3plus_seed_271828/checkpoints/best.pt', 'data_contract': {'manifest': '/root/autodl-tmp/lxf/OneStroke2026/artifacts/data_qc/manifest_qc_v1.csv', 'manifest_sha256': 'c55803a2381aa37e2a88c72b770be32036353e7b659986bf58f6591beba5edb4', 'splits': '/root/autodl-tmp/lxf/OneStroke2026/artifacts/data_qc/character_disjoint_splits_qc_v1.csv', 'splits_sha256': 'e9303314d1b70d3f92efcdc5c0807f833148cbe64c2702379f0ac951ed2a1e2b', 'split_counts': {'train': 539, 'val': 114, 'test': 116}, 'qc_exclusions': '/root/autodl-tmp/lxf/OneStroke2026/artifacts/data_qc/dataset_qc_exclusion_contract_v1.csv', 'qc_exclusions_sha256': 'bd2b0641d0e6f53f6f18f6604232c02ff99e9d989eb39125f6a9af41e8573a1a', 'qc_exclusion_count': 71, 'active_sample_count': 769, 'reference_cache_used_as_ground_truth': False}, 'max_batches': 0, 'formal_evaluation': True}
