
[2026-08-13T15:38:40.945302+00:00] $ python train.py --config "configs/paper_ijdar/main_qc_deeplabv3plus_seed_20260811.yaml"
experiment=main_qc_deeplabv3plus_seed_20260811 device=cuda train_batches=133 val_batches=30
direction_pos_weight=[52.094168879808606, 69.50803862148324, 53.83688767760297, 77.78234015063184, 58.04086927052644]
/root/miniconda3/lib/python3.12/site-packages/torch/nn/modules/conv.py:456: UserWarning: Plan failed with a cudnnException: CUDNN_BACKEND_EXECUTION_PLAN_DESCRIPTOR: cudnnFinalize Descriptor Failed cudnn_status: CUDNN_STATUS_NOT_SUPPORTED (Triggered internally at ../aten/src/ATen/native/cudnn/Conv_v8.cpp:919.)
  return F.conv2d(input, weight, bias, self.stride,
epoch=001 train_loss=2.6892 val_macro_dice=0.4482 val_keypoint_f1=0.0872 val_boundary_f1=0.1123
epoch=002 train_loss=2.1090 val_macro_dice=0.6172 val_keypoint_f1=0.2572 val_boundary_f1=0.1684
epoch=003 train_loss=1.5276 val_macro_dice=0.7314 val_keypoint_f1=0.6063 val_boundary_f1=0.3951
/root/miniconda3/lib/python3.12/site-packages/torch/optim/lr_scheduler.py:156: UserWarning: The epoch parameter in `scheduler.step()` was not necessary and is being deprecated where possible. Please use `scheduler.step()` to step the scheduler. During the deprecation, if epoch is different from None, the closed form is used instead of the new chainable form, where available. Please open an issue if you are unable to replicate your use case: https://github.com/pytorch/pytorch/issues/new/choose.
  warnings.warn(EPOCH_DEPRECATION_WARNING, UserWarning)
epoch=004 train_loss=1.1078 val_macro_dice=0.8406 val_keypoint_f1=0.6386 val_boundary_f1=0.5977
epoch=005 train_loss=0.9945 val_macro_dice=0.8740 val_keypoint_f1=0.6460 val_boundary_f1=0.5821
epoch=006 train_loss=0.9129 val_macro_dice=0.9160 val_keypoint_f1=0.6577 val_boundary_f1=0.6446
epoch=007 train_loss=0.8575 val_macro_dice=0.9216 val_keypoint_f1=0.6725 val_boundary_f1=0.6516
epoch=008 train_loss=0.8288 val_macro_dice=0.9353 val_keypoint_f1=0.6849 val_boundary_f1=0.6908
epoch=009 train_loss=0.7982 val_macro_dice=0.9488 val_keypoint_f1=0.6819 val_boundary_f1=0.7258
epoch=010 train_loss=0.7856 val_macro_dice=0.9484 val_keypoint_f1=0.6876 val_boundary_f1=0.7186
epoch=011 train_loss=0.7725 val_macro_dice=0.9489 val_keypoint_f1=0.6913 val_boundary_f1=0.7491
epoch=012 train_loss=0.7656 val_macro_dice=0.9544 val_keypoint_f1=0.6911 val_boundary_f1=0.7573
epoch=013 train_loss=0.7550 val_macro_dice=0.9574 val_keypoint_f1=0.6965 val_boundary_f1=0.7396
epoch=014 train_loss=0.7485 val_macro_dice=0.9539 val_keypoint_f1=0.6949 val_boundary_f1=0.7373
epoch=015 train_loss=0.7379 val_macro_dice=0.9573 val_keypoint_f1=0.6973 val_boundary_f1=0.7499
epoch=016 train_loss=0.7311 val_macro_dice=0.9543 val_keypoint_f1=0.6954 val_boundary_f1=0.7350
epoch=017 train_loss=0.7294 val_macro_dice=0.9503 val_keypoint_f1=0.6878 val_boundary_f1=0.7409
epoch=018 train_loss=0.7286 val_macro_dice=0.9553 val_keypoint_f1=0.6965 val_boundary_f1=0.7385
epoch=019 train_loss=0.7145 val_macro_dice=0.9599 val_keypoint_f1=0.6929 val_boundary_f1=0.7603
epoch=020 train_loss=0.7114 val_macro_dice=0.9552 val_keypoint_f1=0.6958 val_boundary_f1=0.7309
epoch=021 train_loss=0.7073 val_macro_dice=0.9579 val_keypoint_f1=0.6909 val_boundary_f1=0.7360
epoch=022 train_loss=0.7051 val_macro_dice=0.9645 val_keypoint_f1=0.6896 val_boundary_f1=0.7834
epoch=023 train_loss=0.6963 val_macro_dice=0.9643 val_keypoint_f1=0.6905 val_boundary_f1=0.7832
epoch=024 train_loss=0.6895 val_macro_dice=0.9602 val_keypoint_f1=0.6922 val_boundary_f1=0.7554
epoch=025 train_loss=0.6858 val_macro_dice=0.9632 val_keypoint_f1=0.6949 val_boundary_f1=0.7741
epoch=026 train_loss=0.6821 val_macro_dice=0.9590 val_keypoint_f1=0.6909 val_boundary_f1=0.7521
epoch=027 train_loss=0.6885 val_macro_dice=0.9564 val_keypoint_f1=0.6900 val_boundary_f1=0.7475
epoch=028 train_loss=0.6775 val_macro_dice=0.9617 val_keypoint_f1=0.6906 val_boundary_f1=0.7833
epoch=029 train_loss=0.6715 val_macro_dice=0.9604 val_keypoint_f1=0.6928 val_boundary_f1=0.7639
epoch=030 train_loss=0.6677 val_macro_dice=0.9613 val_keypoint_f1=0.6914 val_boundary_f1=0.7707
epoch=031 train_loss=0.6631 val_macro_dice=0.9623 val_keypoint_f1=0.6951 val_boundary_f1=0.7651
epoch=032 train_loss=0.6600 val_macro_dice=0.9618 val_keypoint_f1=0.6917 val_boundary_f1=0.7686
epoch=033 train_loss=0.6559 val_macro_dice=0.9615 val_keypoint_f1=0.6913 val_boundary_f1=0.7746
epoch=034 train_loss=0.6531 val_macro_dice=0.9591 val_keypoint_f1=0.6931 val_boundary_f1=0.7577
epoch=035 train_loss=0.6519 val_macro_dice=0.9625 val_keypoint_f1=0.6895 val_boundary_f1=0.7734
epoch=036 train_loss=0.6454 val_macro_dice=0.9635 val_keypoint_f1=0.6859 val_boundary_f1=0.7721
epoch=037 train_loss=0.6450 val_macro_dice=0.9607 val_keypoint_f1=0.6891 val_boundary_f1=0.7576
early_stop epoch=37 best_macro_dice=0.9645

[2026-08-13T15:47:46.854902+00:00] $ python -m onestroke_model.scripts.calibrate_thresholds --config "configs/paper_ijdar/main_qc_deeplabv3plus_seed_20260811.yaml" --checkpoint "artifacts/paper_ijdar/main_qc/runs/deeplabv3plus_seed_20260811/checkpoints/best.pt" --output "artifacts/paper_ijdar/main_qc/runs/deeplabv3plus_seed_20260811/thresholds_val.json"
/root/miniconda3/lib/python3.12/site-packages/torch/nn/modules/conv.py:456: UserWarning: Plan failed with a cudnnException: CUDNN_BACKEND_EXECUTION_PLAN_DESCRIPTOR: cudnnFinalize Descriptor Failed cudnn_status: CUDNN_STATUS_NOT_SUPPORTED (Triggered internally at ../aten/src/ATen/native/cudnn/Conv_v8.cpp:919.)
  return F.conv2d(input, weight, bias, self.stride,
best_thresholds= {'vec1': 0.8999999761581421, 'vec2': 0.8999999761581421, 'vec3': 0.8999999761581421, 'vec4': 0.8999999761581421, 'vec5': 0.8999999761581421, 'keypoint': 0.25}

[2026-08-13T15:48:00.746144+00:00] $ python eval.py --config "configs/paper_ijdar/main_qc_deeplabv3plus_seed_20260811.yaml" --checkpoint "artifacts/paper_ijdar/main_qc/runs/deeplabv3plus_seed_20260811/checkpoints/best.pt" --thresholds-json "artifacts/paper_ijdar/main_qc/runs/deeplabv3plus_seed_20260811/thresholds_val.json" --split test --output "artifacts/paper_ijdar/main_qc/runs/deeplabv3plus_seed_20260811/test_metrics.json"
{'dice': [0.9646439005699506, 0.9560924894731286, 0.963940580089187, 0.9618476646374782, 0.9717971492619379, 0.7229659794689064], 'iou': [0.9317025331680329, 0.9158785427174275, 0.9303912126701824, 0.9264995433464992, 0.9451414655817818, 0.5661289893970397], 'precision': [0.9646367137027679, 0.9705629396906531, 0.9688444342340113, 0.9572169085884796, 0.970823984754951, 0.7221939726770399], 'recall': [0.9646510875442234, 0.9420471901827566, 0.9590861181451207, 0.9665234431792521, 0.9727722667479561, 0.7237396385378448], 'macro_dice': 0.9636643568063364, 'macro_iou': 0.9299226594967849, 'keypoint_f1': 0.7229659794689064, 'boundary_f1_per_channel': [0.8341360648537589, 0.8414795618525678, 0.8441269549280709, 0.8414778219310493, 0.8540974856737417, 0.7386916133052382], 'boundary_f1': 0.8430635778478377, 'keypoint_tolerance': {'0': {'precision': 0.7221939726770399, 'recall': 0.7237396385378448, 'f1': 0.7229659794689065}, '1': {'precision': 0.9383707922302451, 'recall': 0.864655523848349, 'f1': 0.9000062635630053}, '3': {'precision': 0.9691853961151226, 'recall': 0.8978801467590706, 'f1': 0.932171159198808}, '5': {'precision': 0.975321197328723, 'recall': 0.9103139013452914, 'f1': 0.941696985625065}}, 'split': 'test', 'thresholds': {'vec1': 0.8999999761581421, 'vec2': 0.8999999761581421, 'vec3': 0.8999999761581421, 'vec4': 0.8999999761581421, 'vec5': 0.8999999761581421, 'keypoint': 0.25}, 'checkpoint': '/root/autodl-tmp/lxf/OneStroke2026/artifacts/paper_ijdar/main_qc/runs/deeplabv3plus_seed_20260811/checkpoints/best.pt', 'data_contract': {'manifest': '/root/autodl-tmp/lxf/OneStroke2026/artifacts/data_qc/manifest_qc_v1.csv', 'manifest_sha256': 'c55803a2381aa37e2a88c72b770be32036353e7b659986bf58f6591beba5edb4', 'splits': '/root/autodl-tmp/lxf/OneStroke2026/artifacts/data_qc/standard_splits_qc_v1.csv', 'splits_sha256': 'd79e48c264ac2b5431eb5543ddae798efc1542482e6ca76369eb78c155cc7b18', 'split_counts': {'train': 530, 'val': 119, 'test': 120}, 'qc_exclusions': '/root/autodl-tmp/lxf/OneStroke2026/artifacts/data_qc/dataset_qc_exclusion_contract_v1.csv', 'qc_exclusions_sha256': 'bd2b0641d0e6f53f6f18f6604232c02ff99e9d989eb39125f6a9af41e8573a1a', 'qc_exclusion_count': 71, 'active_sample_count': 769, 'reference_cache_used_as_ground_truth': False}, 'max_batches': 0, 'formal_evaluation': True}
