
[2026-08-13T16:28:54.249790+00:00] $ python train.py --config "configs/paper_ijdar/main_qc_segformer_b2_seed_20260811.yaml"
Some weights of SegformerForSemanticSegmentation were not initialized from the model checkpoint at nvidia/segformer-b2-finetuned-ade-512-512 and are newly initialized because the shapes did not match:
- decode_head.classifier.weight: found shape torch.Size([150, 768, 1, 1]) in the checkpoint and torch.Size([6, 768, 1, 1]) in the model instantiated
- decode_head.classifier.bias: found shape torch.Size([150]) in the checkpoint and torch.Size([6]) in the model instantiated
You should probably TRAIN this model on a down-stream task to be able to use it for predictions and inference.
experiment=main_qc_segformer_b2_seed_20260811 device=cuda train_batches=133 val_batches=30
direction_pos_weight=[52.094168879808606, 69.50803862148324, 53.83688767760297, 77.78234015063184, 58.04086927052644]
/root/miniconda3/lib/python3.12/site-packages/torch/nn/modules/conv.py:456: UserWarning: Plan failed with a cudnnException: CUDNN_BACKEND_EXECUTION_PLAN_DESCRIPTOR: cudnnFinalize Descriptor Failed cudnn_status: CUDNN_STATUS_NOT_SUPPORTED (Triggered internally at ../aten/src/ATen/native/cudnn/Conv_v8.cpp:919.)
  return F.conv2d(input, weight, bias, self.stride,
/root/miniconda3/lib/python3.12/site-packages/torch/autograd/graph.py:744: UserWarning: Plan failed with a cudnnException: CUDNN_BACKEND_EXECUTION_PLAN_DESCRIPTOR: cudnnFinalize Descriptor Failed cudnn_status: CUDNN_STATUS_NOT_SUPPORTED (Triggered internally at ../aten/src/ATen/native/cudnn/Conv_v8.cpp:919.)
  return Variable._execution_engine.run_backward(  # Calls into the C++ engine to run the backward pass
epoch=001 train_loss=3.1546 val_macro_dice=0.1835 val_keypoint_f1=0.0013 val_boundary_f1=0.0022
epoch=002 train_loss=2.5203 val_macro_dice=0.3595 val_keypoint_f1=0.1793 val_boundary_f1=0.0796
epoch=003 train_loss=2.0620 val_macro_dice=0.6380 val_keypoint_f1=0.2447 val_boundary_f1=0.3056
/root/miniconda3/lib/python3.12/site-packages/torch/optim/lr_scheduler.py:156: UserWarning: The epoch parameter in `scheduler.step()` was not necessary and is being deprecated where possible. Please use `scheduler.step()` to step the scheduler. During the deprecation, if epoch is different from None, the closed form is used instead of the new chainable form, where available. Please open an issue if you are unable to replicate your use case: https://github.com/pytorch/pytorch/issues/new/choose.
  warnings.warn(EPOCH_DEPRECATION_WARNING, UserWarning)
epoch=004 train_loss=1.5556 val_macro_dice=0.6957 val_keypoint_f1=0.5861 val_boundary_f1=0.3570
epoch=005 train_loss=1.2453 val_macro_dice=0.7735 val_keypoint_f1=0.6023 val_boundary_f1=0.4584
epoch=006 train_loss=1.1512 val_macro_dice=0.8079 val_keypoint_f1=0.6145 val_boundary_f1=0.4735
epoch=007 train_loss=1.0756 val_macro_dice=0.8717 val_keypoint_f1=0.6222 val_boundary_f1=0.5460
epoch=008 train_loss=1.0218 val_macro_dice=0.8816 val_keypoint_f1=0.6266 val_boundary_f1=0.5637
epoch=009 train_loss=0.9901 val_macro_dice=0.9016 val_keypoint_f1=0.6338 val_boundary_f1=0.5952
epoch=010 train_loss=0.9471 val_macro_dice=0.9189 val_keypoint_f1=0.6329 val_boundary_f1=0.6311
epoch=011 train_loss=0.9220 val_macro_dice=0.9134 val_keypoint_f1=0.6363 val_boundary_f1=0.6150
epoch=012 train_loss=0.9065 val_macro_dice=0.9274 val_keypoint_f1=0.6405 val_boundary_f1=0.6429
epoch=013 train_loss=0.8795 val_macro_dice=0.9272 val_keypoint_f1=0.6452 val_boundary_f1=0.6301
epoch=014 train_loss=0.8786 val_macro_dice=0.9186 val_keypoint_f1=0.6424 val_boundary_f1=0.6215
epoch=015 train_loss=0.8595 val_macro_dice=0.9321 val_keypoint_f1=0.6527 val_boundary_f1=0.6574
epoch=016 train_loss=0.8584 val_macro_dice=0.9356 val_keypoint_f1=0.6453 val_boundary_f1=0.6717
epoch=017 train_loss=0.8497 val_macro_dice=0.9345 val_keypoint_f1=0.6519 val_boundary_f1=0.6611
epoch=018 train_loss=0.8368 val_macro_dice=0.9355 val_keypoint_f1=0.6575 val_boundary_f1=0.6687
epoch=019 train_loss=0.8321 val_macro_dice=0.9391 val_keypoint_f1=0.6555 val_boundary_f1=0.6699
epoch=020 train_loss=0.8225 val_macro_dice=0.9399 val_keypoint_f1=0.6608 val_boundary_f1=0.6719
epoch=021 train_loss=0.8192 val_macro_dice=0.9372 val_keypoint_f1=0.6647 val_boundary_f1=0.6652
epoch=022 train_loss=0.8146 val_macro_dice=0.9471 val_keypoint_f1=0.6601 val_boundary_f1=0.7174
epoch=023 train_loss=0.8060 val_macro_dice=0.9462 val_keypoint_f1=0.6643 val_boundary_f1=0.7000
epoch=024 train_loss=0.7991 val_macro_dice=0.9462 val_keypoint_f1=0.6607 val_boundary_f1=0.7039
epoch=025 train_loss=0.7951 val_macro_dice=0.9467 val_keypoint_f1=0.6688 val_boundary_f1=0.7044
epoch=026 train_loss=0.7945 val_macro_dice=0.9462 val_keypoint_f1=0.6695 val_boundary_f1=0.6970
epoch=027 train_loss=0.7939 val_macro_dice=0.9456 val_keypoint_f1=0.6702 val_boundary_f1=0.6982
epoch=028 train_loss=0.7844 val_macro_dice=0.9475 val_keypoint_f1=0.6718 val_boundary_f1=0.7054
epoch=029 train_loss=0.7822 val_macro_dice=0.9518 val_keypoint_f1=0.6710 val_boundary_f1=0.7191
epoch=030 train_loss=0.7761 val_macro_dice=0.9469 val_keypoint_f1=0.6645 val_boundary_f1=0.6884
epoch=031 train_loss=0.7739 val_macro_dice=0.9481 val_keypoint_f1=0.6734 val_boundary_f1=0.7028
epoch=032 train_loss=0.7776 val_macro_dice=0.9488 val_keypoint_f1=0.6722 val_boundary_f1=0.6978
epoch=033 train_loss=0.7707 val_macro_dice=0.9539 val_keypoint_f1=0.6764 val_boundary_f1=0.7316
epoch=034 train_loss=0.7708 val_macro_dice=0.9513 val_keypoint_f1=0.6734 val_boundary_f1=0.7178
epoch=035 train_loss=0.7676 val_macro_dice=0.9509 val_keypoint_f1=0.6740 val_boundary_f1=0.7196
epoch=036 train_loss=0.7658 val_macro_dice=0.9498 val_keypoint_f1=0.6761 val_boundary_f1=0.7049
epoch=037 train_loss=0.7603 val_macro_dice=0.9503 val_keypoint_f1=0.6749 val_boundary_f1=0.7074
epoch=038 train_loss=0.7583 val_macro_dice=0.9525 val_keypoint_f1=0.6772 val_boundary_f1=0.7265
epoch=039 train_loss=0.7596 val_macro_dice=0.9548 val_keypoint_f1=0.6778 val_boundary_f1=0.7386
epoch=040 train_loss=0.7534 val_macro_dice=0.9527 val_keypoint_f1=0.6769 val_boundary_f1=0.7230
epoch=041 train_loss=0.7519 val_macro_dice=0.9488 val_keypoint_f1=0.6750 val_boundary_f1=0.6923
epoch=042 train_loss=0.7486 val_macro_dice=0.9508 val_keypoint_f1=0.6784 val_boundary_f1=0.7146
epoch=043 train_loss=0.7524 val_macro_dice=0.9537 val_keypoint_f1=0.6796 val_boundary_f1=0.7314
epoch=044 train_loss=0.7460 val_macro_dice=0.9538 val_keypoint_f1=0.6799 val_boundary_f1=0.7292
epoch=045 train_loss=0.7458 val_macro_dice=0.9536 val_keypoint_f1=0.6814 val_boundary_f1=0.7299
epoch=046 train_loss=0.7546 val_macro_dice=0.9536 val_keypoint_f1=0.6757 val_boundary_f1=0.7230
epoch=047 train_loss=0.7424 val_macro_dice=0.9541 val_keypoint_f1=0.6790 val_boundary_f1=0.7341
epoch=048 train_loss=0.7446 val_macro_dice=0.9543 val_keypoint_f1=0.6810 val_boundary_f1=0.7354
epoch=049 train_loss=0.7397 val_macro_dice=0.9552 val_keypoint_f1=0.6828 val_boundary_f1=0.7365
epoch=050 train_loss=0.7403 val_macro_dice=0.9563 val_keypoint_f1=0.6775 val_boundary_f1=0.7427
epoch=051 train_loss=0.7396 val_macro_dice=0.9543 val_keypoint_f1=0.6828 val_boundary_f1=0.7252
epoch=052 train_loss=0.7350 val_macro_dice=0.9537 val_keypoint_f1=0.6808 val_boundary_f1=0.7263
epoch=053 train_loss=0.7355 val_macro_dice=0.9579 val_keypoint_f1=0.6819 val_boundary_f1=0.7484
epoch=054 train_loss=0.7327 val_macro_dice=0.9562 val_keypoint_f1=0.6831 val_boundary_f1=0.7385
epoch=055 train_loss=0.7322 val_macro_dice=0.9565 val_keypoint_f1=0.6821 val_boundary_f1=0.7443
epoch=056 train_loss=0.7282 val_macro_dice=0.9554 val_keypoint_f1=0.6850 val_boundary_f1=0.7314
epoch=057 train_loss=0.7332 val_macro_dice=0.9560 val_keypoint_f1=0.6817 val_boundary_f1=0.7373
epoch=058 train_loss=0.7337 val_macro_dice=0.9575 val_keypoint_f1=0.6818 val_boundary_f1=0.7432
epoch=059 train_loss=0.7276 val_macro_dice=0.9546 val_keypoint_f1=0.6833 val_boundary_f1=0.7272
epoch=060 train_loss=0.7263 val_macro_dice=0.9570 val_keypoint_f1=0.6833 val_boundary_f1=0.7392
epoch=061 train_loss=0.7218 val_macro_dice=0.9586 val_keypoint_f1=0.6817 val_boundary_f1=0.7503
epoch=062 train_loss=0.7249 val_macro_dice=0.9559 val_keypoint_f1=0.6810 val_boundary_f1=0.7348
epoch=063 train_loss=0.7239 val_macro_dice=0.9584 val_keypoint_f1=0.6819 val_boundary_f1=0.7451
epoch=064 train_loss=0.7238 val_macro_dice=0.9578 val_keypoint_f1=0.6850 val_boundary_f1=0.7453
epoch=065 train_loss=0.7194 val_macro_dice=0.9571 val_keypoint_f1=0.6831 val_boundary_f1=0.7401
epoch=066 train_loss=0.7178 val_macro_dice=0.9578 val_keypoint_f1=0.6821 val_boundary_f1=0.7375
epoch=067 train_loss=0.7183 val_macro_dice=0.9589 val_keypoint_f1=0.6845 val_boundary_f1=0.7491
epoch=068 train_loss=0.7160 val_macro_dice=0.9597 val_keypoint_f1=0.6813 val_boundary_f1=0.7548
epoch=069 train_loss=0.7196 val_macro_dice=0.9570 val_keypoint_f1=0.6840 val_boundary_f1=0.7367
epoch=070 train_loss=0.7163 val_macro_dice=0.9578 val_keypoint_f1=0.6829 val_boundary_f1=0.7406
epoch=071 train_loss=0.7168 val_macro_dice=0.9579 val_keypoint_f1=0.6840 val_boundary_f1=0.7408
epoch=072 train_loss=0.7132 val_macro_dice=0.9575 val_keypoint_f1=0.6847 val_boundary_f1=0.7364
epoch=073 train_loss=0.7129 val_macro_dice=0.9566 val_keypoint_f1=0.6794 val_boundary_f1=0.7307
epoch=074 train_loss=0.7155 val_macro_dice=0.9573 val_keypoint_f1=0.6826 val_boundary_f1=0.7451
epoch=075 train_loss=0.7136 val_macro_dice=0.9575 val_keypoint_f1=0.6840 val_boundary_f1=0.7394
epoch=076 train_loss=0.7106 val_macro_dice=0.9588 val_keypoint_f1=0.6840 val_boundary_f1=0.7471
epoch=077 train_loss=0.7105 val_macro_dice=0.9571 val_keypoint_f1=0.6836 val_boundary_f1=0.7383
epoch=078 train_loss=0.7127 val_macro_dice=0.9577 val_keypoint_f1=0.6832 val_boundary_f1=0.7419
epoch=079 train_loss=0.7082 val_macro_dice=0.9591 val_keypoint_f1=0.6844 val_boundary_f1=0.7481
epoch=080 train_loss=0.7084 val_macro_dice=0.9584 val_keypoint_f1=0.6859 val_boundary_f1=0.7460
epoch=081 train_loss=0.7081 val_macro_dice=0.9571 val_keypoint_f1=0.6848 val_boundary_f1=0.7364
epoch=082 train_loss=0.7056 val_macro_dice=0.9585 val_keypoint_f1=0.6856 val_boundary_f1=0.7468
epoch=083 train_loss=0.7052 val_macro_dice=0.9580 val_keypoint_f1=0.6845 val_boundary_f1=0.7431
early_stop epoch=83 best_macro_dice=0.9597

[2026-08-13T16:55:24.376135+00:00] $ python -m onestroke_model.scripts.calibrate_thresholds --config "configs/paper_ijdar/main_qc_segformer_b2_seed_20260811.yaml" --checkpoint "artifacts/paper_ijdar/main_qc/runs/segformer_b2_seed_20260811/checkpoints/best.pt" --output "artifacts/paper_ijdar/main_qc/runs/segformer_b2_seed_20260811/thresholds_val.json"
/root/miniconda3/lib/python3.12/site-packages/torch/nn/modules/conv.py:456: UserWarning: Plan failed with a cudnnException: CUDNN_BACKEND_EXECUTION_PLAN_DESCRIPTOR: cudnnFinalize Descriptor Failed cudnn_status: CUDNN_STATUS_NOT_SUPPORTED (Triggered internally at ../aten/src/ATen/native/cudnn/Conv_v8.cpp:919.)
  return F.conv2d(input, weight, bias, self.stride,
best_thresholds= {'vec1': 0.8999999761581421, 'vec2': 0.8999999761581421, 'vec3': 0.8999999761581421, 'vec4': 0.8999999761581421, 'vec5': 0.8999999761581421, 'keypoint': 0.25}

[2026-08-13T16:55:43.003344+00:00] $ python eval.py --config "configs/paper_ijdar/main_qc_segformer_b2_seed_20260811.yaml" --checkpoint "artifacts/paper_ijdar/main_qc/runs/segformer_b2_seed_20260811/checkpoints/best.pt" --thresholds-json "artifacts/paper_ijdar/main_qc/runs/segformer_b2_seed_20260811/thresholds_val.json" --split test --output "artifacts/paper_ijdar/main_qc/runs/segformer_b2_seed_20260811/test_metrics.json"
/root/miniconda3/lib/python3.12/site-packages/torch/nn/modules/conv.py:456: UserWarning: Plan failed with a cudnnException: CUDNN_BACKEND_EXECUTION_PLAN_DESCRIPTOR: cudnnFinalize Descriptor Failed cudnn_status: CUDNN_STATUS_NOT_SUPPORTED (Triggered internally at ../aten/src/ATen/native/cudnn/Conv_v8.cpp:919.)
  return F.conv2d(input, weight, bias, self.stride,
{'dice': [0.9611153499047856, 0.9553280299087655, 0.9581369717447886, 0.9597975048835439, 0.9658929252975261, 0.7154063807797225], 'iou': [0.9251415446524298, 0.9144765603554327, 0.9196381345342131, 0.9227025597319776, 0.9340356999060528, 0.5569126065050516], 'precision': [0.9543201430394198, 0.96332908504782, 0.9619989198602431, 0.9486383838872153, 0.9595159460797523, 0.7136048673314179], 'recall': [0.9680080208781243, 0.94745878759151, 0.9543059072560365, 0.9712222871831993, 0.9723552349138205, 0.7172170131811387], 'macro_dice': 0.9600541563478819, 'macro_iou': 0.9231988998360212, 'keypoint_f1': 0.7154063807797225, 'boundary_f1_per_channel': [0.8180326221656563, 0.838239456552505, 0.8325061698261601, 0.8295783923267493, 0.8375767600933735, 0.7312563966103083], 'boundary_f1': 0.831186680192889, 'keypoint_tolerance': {'0': {'precision': 0.7136048673314179, 'recall': 0.7172170131811387, 'f1': 0.7154063807797225}, '1': {'precision': 0.9420652357613656, 'recall': 0.8569778502513928, 'f1': 0.897509400209686}, '3': {'precision': 0.9716410343079264, 'recall': 0.8855822802011143, 'f1': 0.9266177911694463}, '5': {'precision': 0.9747507182693933, 'recall': 0.8959097703492322, 'f1': 0.9336688270968447}}, 'split': 'test', 'thresholds': {'vec1': 0.8999999761581421, 'vec2': 0.8999999761581421, 'vec3': 0.8999999761581421, 'vec4': 0.8999999761581421, 'vec5': 0.8999999761581421, 'keypoint': 0.25}, 'checkpoint': '/root/autodl-tmp/lxf/OneStroke2026/artifacts/paper_ijdar/main_qc/runs/segformer_b2_seed_20260811/checkpoints/best.pt', 'data_contract': {'manifest': '/root/autodl-tmp/lxf/OneStroke2026/artifacts/data_qc/manifest_qc_v1.csv', 'manifest_sha256': 'c55803a2381aa37e2a88c72b770be32036353e7b659986bf58f6591beba5edb4', 'splits': '/root/autodl-tmp/lxf/OneStroke2026/artifacts/data_qc/standard_splits_qc_v1.csv', 'splits_sha256': 'd79e48c264ac2b5431eb5543ddae798efc1542482e6ca76369eb78c155cc7b18', 'split_counts': {'train': 530, 'val': 119, 'test': 120}, 'qc_exclusions': '/root/autodl-tmp/lxf/OneStroke2026/artifacts/data_qc/dataset_qc_exclusion_contract_v1.csv', 'qc_exclusions_sha256': 'bd2b0641d0e6f53f6f18f6604232c02ff99e9d989eb39125f6a9af41e8573a1a', 'qc_exclusion_count': 71, 'active_sample_count': 769, 'reference_cache_used_as_ground_truth': False}, 'max_batches': 0, 'formal_evaluation': True}
